// Jest Snapshot v1, https://goo.gl/fbAQLP

exports[`<Posts /> should match the posts snapshot 1`] = `
<div
  class="posts"
>
  <div
    class="post"
  >
    <img
      alt="title 1"
      src="testing image 1"
    />
    <div
      class="post-card"
    >
      <h2>
        title 1
      </h2>
      <p>
        body 1
      </p>
    </div>
  </div>
  <div
    class="post"
  >
    <img
      alt="title 2"
      src="testing image 2"
    />
    <div
      class="post-card"
    >
      <h2>
        title 2
      </h2>
      <p>
        body 2
      </p>
    </div>
  </div>
  <div
    class="post"
  >
    <img
      alt="title 3"
      src="testing image 3"
    />
    <div
      class="post-card"
    >
      <h2>
        title 3
      </h2>
      <p>
        body 3
      </p>
    </div>
  </div>
</div>
`;
